2026-07-18 09:15:00
2026-07-18 09:00:12 INFO Application Started
2026-07-18 09:01:15 INFO Database Connected
2026-07-18 09:03:10 WARNING High Memory Usage
2026-07-18 09:05:44 ERROR Database Timeout
2026-07-18 09:06:20 INFO User Login
2026-07-18 09:08:17 ERROR API Connection Failed
2026-07-18 09:10:55 WARNING Disk Usage High
2026-07-18 09:12:01 INFO Health Check Passed
2026-07-18 09:15:00 ERROR Database Timeout2026-07-18 15:50:32 - LogAnalyzer - INFO - Started analyzer
2026-07-18 15:50:32 - LogAnalyzer - INFO - Read file
2026-07-18 15:50:32 - LogAnalyzer - INFO - Generated report
2026-07-18 15:50:32 - LogAnalyzer - INFO - Completed
2026-07-18 15:50:48 - LogAnalyzer - INFO - Started analyzer
2026-07-18 15:50:48 - LogAnalyzer - INFO - Read file
2026-07-18 15:50:48 - LogAnalyzer - INFO - Completed
2026-07-18 15:52:08 - LogAnalyzer - INFO - Started analyzer
2026-07-18 15:52:08 - LogAnalyzer - INFO - Read file
2026-07-18 15:52:08 - LogAnalyzer - INFO - Generated report
2026-07-18 15:52:08 - LogAnalyzer - INFO - Completed
2026-07-18 15:52:29 - LogAnalyzer - INFO - Started analyzer
2026-07-18 15:52:29 - LogAnalyzer - INFO - Read file
2026-07-18 15:52:29 - LogAnalyzer - INFO - Completed
2026-07-18 15:53:39 - LogAnalyzer - INFO - Started analyzer
2026-07-18 15:53:39 - LogAnalyzer - INFO - Read file
2026-07-18 15:53:39 - LogAnalyzer - INFO - Completed
